MPLINK 5.09, LINKER
Linker Map File - Created Mon Feb 12 17:15:15 2024

                                 Section Info
                  Section       Type    Address   Location Size(Bytes)
                ---------  ---------  ---------  ---------  ---------
                   .org_0       code   0x000000    program   0x000002
                   .cinit    romdata   0x000001    program   0x000004
                   .org_1       code   0x000004    program   0x00006a
.config_2007_BUILD/DEFAULT/PRODUCTION/CODE.O       code   0x002007    program   0x000002



                              Program Memory Usage 
                               Start         End      
                           ---------   ---------      
                            0x000000    0x000002      
                            0x000004    0x000038      
                            0x002007    0x002007      
            57 out of 8454 program addresses used, program memory utilization is 0%



                              Symbols - Sorted by Name
                     Name    Address   Location    Storage File                     
                ---------  ---------  ---------  --------- ---------                
                  DELAY1S   0x000028    program     static C:\Users\Rhabi\MPLABXProjects\PROJ2.X\code.asm
              DELAY1SLOOP   0x00002e    program     static C:\Users\Rhabi\MPLABXProjects\PROJ2.X\code.asm
          END_DELAY1SLOOP   0x000038    program     static C:\Users\Rhabi\MPLABXProjects\PROJ2.X\code.asm
                  LOOPING   0x000009    program     static C:\Users\Rhabi\MPLABXProjects\PROJ2.X\code.asm
                     MAIN   0x000005    program     static C:\Users\Rhabi\MPLABXProjects\PROJ2.X\code.asm
       NEXT_DELAY1SLOOP_1   0x000035    program     static C:\Users\Rhabi\MPLABXProjects\PROJ2.X\code.asm
       NEXT_DELAY1SLOOP_2   0x000037    program     static C:\Users\Rhabi\MPLABXProjects\PROJ2.X\code.asm



                              Symbols - Sorted by Address
                     Name    Address   Location    Storage File                     
                ---------  ---------  ---------  --------- ---------                
                     MAIN   0x000005    program     static C:\Users\Rhabi\MPLABXProjects\PROJ2.X\code.asm
                  LOOPING   0x000009    program     static C:\Users\Rhabi\MPLABXProjects\PROJ2.X\code.asm
                  DELAY1S   0x000028    program     static C:\Users\Rhabi\MPLABXProjects\PROJ2.X\code.asm
              DELAY1SLOOP   0x00002e    program     static C:\Users\Rhabi\MPLABXProjects\PROJ2.X\code.asm
       NEXT_DELAY1SLOOP_1   0x000035    program     static C:\Users\Rhabi\MPLABXProjects\PROJ2.X\code.asm
       NEXT_DELAY1SLOOP_2   0x000037    program     static C:\Users\Rhabi\MPLABXProjects\PROJ2.X\code.asm
          END_DELAY1SLOOP   0x000038    program     static C:\Users\Rhabi\MPLABXProjects\PROJ2.X\code.asm


